Microchip MPLAB XC8 Compiler V1.34 ()

Linker command line:

--edf=/Applications/microchip/xc8/v1.34/dat/en_msgs.txt -cs \
  -h+dist/default/production/i2c-7segled.X.production.sym \
  --cmf=dist/default/production/i2c-7segled.X.production.cmf -z -Q18F14K50 \
  -o/tmp/cgtDsWnqM -Mdist/default/production/i2c-7segled.X.production.map \
  -E1 -ver=XC8 -ASTACK=0F9h-0ffh -pstack=STACK -ACODE=00h-03FFFh \
  -ACONST=00h-03FFFh -ASMALLCONST=0300h-03FFhx61 -AMEDIUMCONST=0300h-03FFFh \
  -ACOMRAM=01h-05Fh -AABS1=00h-02FFh -ABIGRAM=01h-02FFh \
  -ARAM=060h-0FFh,0100h-01FFhx2 -ABANK0=060h-0FFh -ABANK1=0100h-01FFh \
  -ABANK2=0200h-02FFh -ASFR=0F53h-0F5Fh,0F60h-0FFFh \
  -preset_vec=00h,intcode=08h,intcodelo,powerup,init,end_init \
  -pramtop=0300h -psmallconst=SMALLCONST -pmediumconst=MEDIUMCONST \
  -pconst=CONST -AFARRAM=00h-00h -ACONFIG=0300000h-030000Dh -pconfig=CONFIG \
  -AIDLOC=0200000h-0200007h -pidloc=IDLOC -AEEDATA=0F00000h-0F000FFh \
  -peeprom_data=EEDATA \
  -prdata=COMRAM,nvrram=COMRAM,nvbit=COMRAM,rbss=COMRAM,rbit=COMRAM \
  -pfarbss=FARRAM,fardata=FARRAM,nvFARRAM=FARRAM \
  -pintsave_regs=BIGRAM,bigbss=BIGRAM,bigdata=BIGRAM -pbss=RAM \
  -pidata=CODE,irdata=CODE,ibigdata=CODE,ifardata=CODE -prparam=COMRAM \
  /tmp/cgtQcvhXQ.obj dist/default/production/i2c-7segled.X.production.obj 

Object code version is 3.11

Machine type is 18F14K50

Call graph: (short form)




                Name                               Link     Load   Length Selector   Space Scale
/tmp/cgtQcvhXQ.obj
                end_init                             AA       AA        4        4       0
                reset_vec                             0        0        4        0       0
                idloc                            200000   200000        8   200000       0
                config                           300000   300000        E   300000       0
dist/default/production/i2c-7segled.X.production.obj
                intcode                               8        8       A2        4       0
                smallconst                          300      300        C      180       0
                text44                              E82      E82       BA      186       0
                text43                              F3C      F3C       A4      186       0
                text42                             1530     1530        6      186       0
                text40                             1310     1310       34      186       0
                text39                             11B8     11B8       42      186       0
                text38                             1270     1270       38      186       0
                text37                             12DC     12DC       34      186       0
                text36                             13A2     13A2       2E      186       0
                text35                             1238     1238       38      186       0
                text34                             152A     152A        6      186       0
                text33                             10DA     10DA       74      186       0
                text32                             141C     141C       20      186       0
                text31                             14F0     14F0        A      186       0
                text30                             148C     148C       12      186       0
                text29                             1374     1374       2E      186       0
                text28                             1452     1452       16      186       0
                text27                             114E     114E       6A      186       0
                text26                             147A     147A       12      186       0
                text25                             13D0     13D0       2A      186       0
                text24                             11FA     11FA       3E      186       0
                text23                              AA2      AA2      16A      186       0
                text22                             149E     149E        C      186       0
                text21                              76E      76E      1B0      186       0
                text20                              D56      D56      12C      186       0
                text19                             1062     1062       78      186       0
                text18                             1522     1522        8      186       0
                text17                             14E6     14E6        A      186       0
                text16                             151A     151A        8      186       0
                text15                             14DC     14DC        A      186       0
                text14                              30C      30C      462      186       0
                text13                              91E      91E      184      186       0
                text12                             1344     1344       30      186       0
                text11                             143C     143C       16      186       0
                text10                             13FA     13FA       22      186       0
                text9                              14D2     14D2        A      186       0
                text8                              1512     1512        8      186       0
                text7                              14C8     14C8        A      186       0
                text6                              150A     150A        8      186       0
                text5                              14BE     14BE        A      186       0
                text4                              1502     1502        8      186       0
                text3                              14B4     14B4        A      186       0
                text2                              14FA     14FA        8      186       0
                text1                              14AA     14AA        A      186       0
                text0                               C0C      C0C      14A      186       0
                cstackCOMRAM                          1        1       27        1       1
                cstackBANK0                          E7       E7       12       60       1
                bssBANK2                            200      200       FF      200       1
                dataBANK1                           1C8      1C8       34      100       1
                bssBANK1                            100      100       C8      100       1
                dataBANK0                            D5       D5       12       60       1
                bssBANK0                             60       60       75       60       1
                bssCOMRAM                            28       28       26        1       1
                cinit                               FE0      FE0       82      186       0
                idataBANK1                         12A8     12A8       34      186       0
                idataBANK0                         1468     1468       12      186       0

TOTAL           Name                               Link     Load   Length     Space
        CLASS   STACK          

        CLASS   CODE           
                end_init                             AA       AA        4         0
                intcode                               8        8       A2         0
                reset_vec                             0        0        4         0
                text44                              E82      E82       BA         0
                text43                              F3C      F3C       A4         0
                text42                             1530     1530        6         0
                text40                             1310     1310       34         0
                text39                             11B8     11B8       42         0
                text38                             1270     1270       38         0
                text37                             12DC     12DC       34         0
                text36                             13A2     13A2       2E         0
                text35                             1238     1238       38         0
                text34                             152A     152A        6         0
                text33                             10DA     10DA       74         0
                text32                             141C     141C       20         0
                text31                             14F0     14F0        A         0
                text30                             148C     148C       12         0
                text29                             1374     1374       2E         0
                text28                             1452     1452       16         0
                text27                             114E     114E       6A         0
                text26                             147A     147A       12         0
                text25                             13D0     13D0       2A         0
                text24                             11FA     11FA       3E         0
                text23                              AA2      AA2      16A         0
                text22                             149E     149E        C         0
                text21                              76E      76E      1B0         0
                text20                              D56      D56      12C         0
                text19                             1062     1062       78         0
                text18                             1522     1522        8         0
                text17                             14E6     14E6        A         0
                text16                             151A     151A        8         0
                text15                             14DC     14DC        A         0
                text14                              30C      30C      462         0
                text13                              91E      91E      184         0
                text12                             1344     1344       30         0
                text11                             143C     143C       16         0
                text10                             13FA     13FA       22         0
                text9                              14D2     14D2        A         0
                text8                              1512     1512        8         0
                text7                              14C8     14C8        A         0
                text6                              150A     150A        8         0
                text5                              14BE     14BE        A         0
                text4                              1502     1502        8         0
                text3                              14B4     14B4        A         0
                text2                              14FA     14FA        8         0
                text1                              14AA     14AA        A         0
                text0                               C0C      C0C      14A         0
                cinit                               FE0      FE0       82         0
                idataBANK1                         12A8     12A8       34         0
                idataBANK0                         1468     1468       12         0

        CLASS   CONST          

        CLASS   SMALLCONST     
                smallconst                          300      300        C         0

        CLASS   MEDIUMCONST    

        CLASS   COMRAM         
                cstackCOMRAM                          1        1       27         1
                bssCOMRAM                            28       28       26         1

        CLASS   ABS1           

        CLASS   BIGRAM         

        CLASS   RAM            

        CLASS   BANK0          
                cstackBANK0                          E7       E7       12         1
                dataBANK0                            D5       D5       12         1
                bssBANK0                             60       60       75         1

        CLASS   BANK1          
                dataBANK1                           1C8      1C8       34         1
                bssBANK1                            100      100       C8         1

        CLASS   BANK2          
                bssBANK2                            200      200       FF         1

        CLASS   SFR            

        CLASS   FARRAM         

        CLASS   CONFIG         
                config                           300000   300000        E         0

        CLASS   IDLOC          
                idloc                            200000   200000        8         0

        CLASS   EEDATA         



SEGMENTS        Name                           Load    Length   Top    Selector   Space  Class

                reset_vec                      000000  000004  000004         0       0  CODE    
                cstackCOMRAM                   000001  00004D  00004E         1       1  COMRAM  
                intcode                        000008  0000A6  0000AE         4       0  CODE    
                bssBANK0                       000060  000099  0000F9        60       1  BANK0   
                bssBANK1                       000100  0000FC  0001FC       100       1  BANK1   
                bssBANK2                       000200  0000FF  0002FF       200       1  BANK2   
                smallconst                     000300  00000C  00030C       180       0  SMALLCON
                text14                         00030C  00122A  001536       186       0  CODE    
                idloc                          200000  000008  200008    200000       0  IDLOC   
                config                         300000  00000E  30000E    300000       0  CONFIG  


UNUSED ADDRESS RANGES

        Name                Unused          Largest block    Delta
        BANK0            0000F9-0000FF                7
        BANK1            0001FC-0001FF                4
        BANK2            0002FF-0002FF                1
        BIGRAM           00004E-00005F               12
                         0000F9-0000FF                7
                         0001FC-0001FF                4
                         0002FF-0002FF                1
        CODE             000004-000007                4
                         0000AE-0002FF              252
                         001536-003FFF             2ACA
        COMRAM           00004E-00005F               12
        CONST            000004-000007                4
                         0000AE-0002FF              252
                         001536-003FFF             2ACA
        EEDATA           F00000-F000FF              100
        MEDIUMCONST      001536-003FFF             2ACA
        RAM              0000F9-0000FF                7
                         0001FC-0001FF                4
                         0002FF-0002FF                1
        SFR              000F53-000FFF                D
        SMALLCONST       001536-003FFF              100
        STACK            0000F9-0000FF                7

                                  Symbol Table

?_dbuf_get                            cstackCOMRAM 000011
?_i2cs_proc                           cstackCOMRAM 000011
?_i2cs_read_recv_buff                 cstackCOMRAM 00001B
?_lbuf_format_str                     cstackCOMRAM 000011
?_lbuf_get                            cstackCOMRAM 000011
?_strlen                              cstackCOMRAM 000011
Delay1KTCYx@unit                      cstackCOMRAM 000011
_ANSEL                                (abs)        000F7E
_ANSELH                               (abs)        000F7F
_BCLIE                                (abs)        007D03
_BCLIF                                (abs)        007D0B
_Delay1KTCYx                          text26       00147A
_GIE                                  (abs)        007F97
_GIEH                                 (abs)        007F97
_GIEL                                 (abs)        007F96
_IPEN                                 (abs)        007E87
_OSCCON                               (abs)        000FD3
_PEIE                                 (abs)        007F96
_PORTA                                (abs)        000F80
_PORTB                                (abs)        000F81
_PORTC                                (abs)        000F82
_PSA                                  (abs)        007EAB
_RABPU                                (abs)        007F8F
_SSPADD                               (abs)        000FC8
_SSPBUF                               (abs)        000FC9
_SSPCON1                              (abs)        000FC6
_SSPCON1bits                          (abs)        000FC6
_SSPCON2bits                          (abs)        000FC5
_SSPIE                                (abs)        007CEB
_SSPIF                                (abs)        007CF3
_SSPMSK                               (abs)        000F6F
_SSPSTAT                              (abs)        000FC7
_SSPSTATbits                          (abs)        000FC7
_T08BIT                               (abs)        007EAE
_T0CONbits                            (abs)        000FD5
_T0CS                                 (abs)        007EAD
_T0IF                                 (abs)        007F92
_TMR0                                 (abs)        000FD6
_TMR0IE                               (abs)        007F95
_TMR0IF                               (abs)        007F92
_TMR0IP                               (abs)        007F8A
_TMR0ON                               (abs)        007EAF
_TRISA                                (abs)        000F92
_TRISB                                (abs)        000F93
_TRISB4                               (abs)        007C9C
_TRISB6                               (abs)        007C9E
_TRISC                                (abs)        000F94
_WPUB4                                (abs)        007BC4
_WPUB6                                (abs)        007BC6
__CFG_FOSC$IRC                        (abs)        000000
__CFG_LVP$OFF                         (abs)        000000
__CFG_MCLRE$OFF                       (abs)        000000
__CFG_WDTEN$OFF                       (abs)        000000
__HRAM                                (abs)        000000
__Habs1                               abs1         000000
__Hbank0                              bank0        000000
__Hbank1                              bank1        000000
__Hbank2                              bank2        000000
__Hbigbss                             bigbss       000000
__Hbigdata                            bigdata      000000
__Hbigram                             bigram       000000
__Hbss                                bss          000000
__HbssBANK0                           bssBANK0     000000
__HbssBANK1                           bssBANK1     000000
__HbssBANK2                           bssBANK2     000000
__HbssCOMRAM                          bssCOMRAM    000000
__Hcinit                              cinit        000000
__Hclrtext                            clrtext      000000
__Hcomram                             comram       000000
__Hconfig                             config       30000E
__Hconst                              const        000000
__HcstackBANK0                        cstackBANK0  000000
__HcstackCOMRAM                       cstackCOMRAM 000000
__Hdata                               data         000000
__HdataBANK0                          dataBANK0    000000
__HdataBANK1                          dataBANK1    000000
__Heeprom_data                        eeprom_data  000000
__Hend_init                           end_init     0000AE
__Hfarbss                             farbss       000000
__Hfardata                            fardata      000000
__Hibigdata                           ibigdata     000000
__Hidata                              idata        000000
__HidataBANK0                         idataBANK0   000000
__HidataBANK1                         idataBANK1   000000
__Hidloc                              idloc        200008
__Hifardata                           ifardata     000000
__Hinit                               init         0000AA
__Hintcode                            intcode      0000AA
__Hintcode_body                       intcode_body 000000
__Hintcodelo                          intcodelo    0000AA
__Hintentry                           intentry     000000
__Hintret                             intret       000000
__Hintsave_regs                       intsave_regs 000000
__Hirdata                             irdata       000000
__Hmediumconst                        mediumconst  000000
__HnvFARRAM                           nvFARRAM     000000
__Hnvbit                              nvbit        000000
__Hnvrram                             nvrram       000000
__Hparam                              rparam       000000
__Hpowerup                            powerup      0000AA
__Hram                                ram          000000
__Hramtop                             ramtop       000300
__Hrbit                               rbit         000000
__Hrbss                               rbss         000000
__Hrdata                              rdata        000000
__Hreset_vec                          reset_vec    000004
__Hrparam                             rparam       000000
__Hsfr                                sfr          000000
__Hsmallconst                         smallconst   00030C
__Hspace_0                            (abs)        30000E
__Hspace_1                            (abs)        0002FF
__Hspace_2                            (abs)        000000
__Hstack                              stack        000000
__Hstruct                             struct       000000
__Htemp                               temp         000000
__Htext                               text         000000
__Htext0                              text0        000000
__Htext1                              text1        000000
__Htext10                             text10       000000
__Htext11                             text11       000000
__Htext12                             text12       000000
__Htext13                             text13       000000
__Htext14                             text14       000000
__Htext15                             text15       000000
__Htext16                             text16       000000
__Htext17                             text17       000000
__Htext18                             text18       000000
__Htext19                             text19       000000
__Htext2                              text2        000000
__Htext20                             text20       000000
__Htext21                             text21       000000
__Htext22                             text22       000000
__Htext23                             text23       000000
__Htext24                             text24       000000
__Htext25                             text25       000000
__Htext26                             text26       000000
__Htext27                             text27       000000
__Htext28                             text28       000000
__Htext29                             text29       000000
__Htext3                              text3        000000
__Htext30                             text30       000000
__Htext31                             text31       000000
__Htext32                             text32       000000
__Htext33                             text33       000000
__Htext34                             text34       000000
__Htext35                             text35       000000
__Htext36                             text36       000000
__Htext37                             text37       000000
__Htext38                             text38       000000
__Htext39                             text39       000000
__Htext4                              text4        000000
__Htext40                             text40       000000
__Htext42                             text42       000000
__Htext43                             text43       000000
__Htext44                             text44       000000
__Htext5                              text5        000000
__Htext6                              text6        000000
__Htext7                              text7        000000
__Htext8                              text8        000000
__Htext9                              text9        000000
__LRAM                                (abs)        000001
__Labs1                               abs1         000000
__Lbank0                              bank0        000000
__Lbank1                              bank1        000000
__Lbank2                              bank2        000000
__Lbigbss                             bigbss       000000
__Lbigdata                            bigdata      000000
__Lbigram                             bigram       000000
__Lbss                                bss          000000
__LbssBANK0                           bssBANK0     000000
__LbssBANK1                           bssBANK1     000000
__LbssBANK2                           bssBANK2     000000
__LbssCOMRAM                          bssCOMRAM    000000
__Lcinit                              cinit        000000
__Lclrtext                            clrtext      000000
__Lcomram                             comram       000000
__Lconfig                             config       300000
__Lconst                              const        000000
__LcstackBANK0                        cstackBANK0  000000
__LcstackCOMRAM                       cstackCOMRAM 000000
__Ldata                               data         000000
__LdataBANK0                          dataBANK0    000000
__LdataBANK1                          dataBANK1    000000
__Leeprom_data                        eeprom_data  000000
__Lend_init                           end_init     0000AA
__Lfarbss                             farbss       000000
__Lfardata                            fardata      000000
__Libigdata                           ibigdata     000000
__Lidata                              idata        000000
__LidataBANK0                         idataBANK0   000000
__LidataBANK1                         idataBANK1   000000
__Lidloc                              idloc        200000
__Lifardata                           ifardata     000000
__Linit                               init         0000AA
__Lintcode                            intcode      000008
__Lintcode_body                       intcode_body 000000
__Lintcodelo                          intcodelo    0000AA
__Lintentry                           intentry     000000
__Lintret                             intret       000000
__Lintsave_regs                       intsave_regs 000000
__Lirdata                             irdata       000000
__Lmediumconst                        mediumconst  000000
__LnvFARRAM                           nvFARRAM     000000
__Lnvbit                              nvbit        000000
__Lnvrram                             nvrram       000000
__Lparam                              rparam       000000
__Lpowerup                            powerup      0000AA
__Lram                                ram          000000
__Lramtop                             ramtop       000300
__Lrbit                               rbit         000000
__Lrbss                               rbss         000000
__Lrdata                              rdata        000000
__Lreset_vec                          reset_vec    000000
__Lrparam                             rparam       000000
__Lsfr                                sfr          000000
__Lsmallconst                         smallconst   000300
__Lspace_0                            (abs)        000000
__Lspace_1                            (abs)        000000
__Lspace_2                            (abs)        000000
__Lstack                              stack        000000
__Lstruct                             struct       000000
__Ltemp                               temp         000000
__Ltext                               text         000000
__Ltext0                              text0        000000
__Ltext1                              text1        000000
__Ltext10                             text10       000000
__Ltext11                             text11       000000
__Ltext12                             text12       000000
__Ltext13                             text13       000000
__Ltext14                             text14       000000
__Ltext15                             text15       000000
__Ltext16                             text16       000000
__Ltext17                             text17       000000
__Ltext18                             text18       000000
__Ltext19                             text19       000000
__Ltext2                              text2        000000
__Ltext20                             text20       000000
__Ltext21                             text21       000000
__Ltext22                             text22       000000
__Ltext23                             text23       000000
__Ltext24                             text24       000000
__Ltext25                             text25       000000
__Ltext26                             text26       000000
__Ltext27                             text27       000000
__Ltext28                             text28       000000
__Ltext29                             text29       000000
__Ltext3                              text3        000000
__Ltext30                             text30       000000
__Ltext31                             text31       000000
__Ltext32                             text32       000000
__Ltext33                             text33       000000
__Ltext34                             text34       000000
__Ltext35                             text35       000000
__Ltext36                             text36       000000
__Ltext37                             text37       000000
__Ltext38                             text38       000000
__Ltext39                             text39       000000
__Ltext4                              text4        000000
__Ltext40                             text40       000000
__Ltext42                             text42       000000
__Ltext43                             text43       000000
__Ltext44                             text44       000000
__Ltext5                              text5        000000
__Ltext6                              text6        000000
__Ltext7                              text7        000000
__Ltext8                              text8        000000
__Ltext9                              text9        000000
__S0                                  (abs)        30000E
__S1                                  (abs)        0002FF
__S2                                  (abs)        000000
___inthi_sp                           stack        000000
___intlo_sp                           stack        000000
___param_bank                         (abs)        000010
___rparam_used                        (abs)        000001
___sp                                 stack        000000
__accesstop                           (abs)        000060
__activetblptr                        (abs)        000002
__end_of_Delay1KTCYx                  text26       00148C
__end_of__initialization              cinit        001058
__end_of_cathodes                     smallconst   00030B
__end_of_dbuf_clear                   text35       001270
__end_of_dbuf_get                     text25       0013FA
__end_of_dbuf_init                    text30       00149E
__end_of_dbuf_put                     text14       00076E
__end_of_i2cs_init                    text37       001310
__end_of_i2cs_interrupt               text44       000F3C
__end_of_i2cs_proc                    text40       001344
__end_of_i2cs_read_recv_buff          text38       0012A8
__end_of_init                         text27       0011B8
__end_of_interrupt_func               intcode      0000AA
__end_of_lbuf_clear                   text34       001530
__end_of_lbuf_draw                    text23       000C0C
__end_of_lbuf_enable_blink            text18       00152A
__end_of_lbuf_enable_scroll           text16       001522
__end_of_lbuf_format_str              text13       000AA2
__end_of_lbuf_get                     text22       0014AA
__end_of_lbuf_init                    text29       0013A2
__end_of_lbuf_put                     text12       001374
__end_of_lbuf_reset                   text10       00141C
__end_of_lbuf_set_blink_speed         text8        00151A
__end_of_lbuf_set_flip_speed          text6        001512
__end_of_lbuf_set_page_num            text4        00150A
__end_of_lbuf_set_scroll_speed        text2        001502
__end_of_lbuf_sync                    text43       000FE0
__end_of_main                         text0        000D56
__end_of_memcpy                       text39       0011FA
__end_of_memset                       text36       0013D0
__end_of_ports                        smallconst   000307
__end_of_seg7_off                     text33       00114E
__end_of_seg7_off_all                 text32       00143C
__end_of_seg7_on                      text21       00091E
__end_of_seg7_put                     text20       000E82
__end_of_seg7lcd_clear                text31       0014FA
__end_of_seg7lcd_draw                 text19       0010DA
__end_of_seg7lcd_enable_blink         text17       0014F0
__end_of_seg7lcd_enable_scroll        text15       0014E6
__end_of_seg7lcd_init                 text28       001468
__end_of_seg7lcd_puts                 text11       001452
__end_of_seg7lcd_reset                text9        0014DC
__end_of_seg7lcd_set_blink_speed      text7        0014D2
__end_of_seg7lcd_set_flip_speed       text5        0014C8
__end_of_seg7lcd_set_page_num         text3        0014BE
__end_of_seg7lcd_set_scroll_speed     text1        0014B4
__end_of_seg7lcd_sync                 text42       001536
__end_of_strlen                       text24       001238
__initialization                      cinit        000FE0
__mediumconst                         mediumconst  000000
__pbssBANK0                           bssBANK0     000060
__pbssBANK1                           bssBANK1     000100
__pbssBANK2                           bssBANK2     000200
__pbssCOMRAM                          bssCOMRAM    000028
__pcinit                              cinit        000FE0
__pcstackBANK0                        cstackBANK0  0000E7
__pcstackCOMRAM                       cstackCOMRAM 000001
__pdataBANK0                          dataBANK0    0000D5
__pdataBANK1                          dataBANK1    0001C8
__pidataBANK0                         idataBANK0   001468
__pidataBANK1                         idataBANK1   0012A8
__pintcode                            intcode      000008
__psmallconst                         smallconst   000300
__ptext0                              text0        000C0C
__ptext1                              text1        0014AA
__ptext10                             text10       0013FA
__ptext11                             text11       00143C
__ptext12                             text12       001344
__ptext13                             text13       00091E
__ptext14                             text14       00030C
__ptext15                             text15       0014DC
__ptext16                             text16       00151A
__ptext17                             text17       0014E6
__ptext18                             text18       001522
__ptext19                             text19       001062
__ptext2                              text2        0014FA
__ptext20                             text20       000D56
__ptext21                             text21       00076E
__ptext22                             text22       00149E
__ptext23                             text23       000AA2
__ptext24                             text24       0011FA
__ptext25                             text25       0013D0
__ptext26                             text26       00147A
__ptext27                             text27       00114E
__ptext28                             text28       001452
__ptext29                             text29       001374
__ptext3                              text3        0014B4
__ptext30                             text30       00148C
__ptext31                             text31       0014F0
__ptext32                             text32       00141C
__ptext33                             text33       0010DA
__ptext34                             text34       00152A
__ptext35                             text35       001238
__ptext36                             text36       0013A2
__ptext37                             text37       0012DC
__ptext38                             text38       001270
__ptext39                             text39       0011B8
__ptext4                              text4        001502
__ptext40                             text40       001310
__ptext42                             text42       001530
__ptext43                             text43       000F3C
__ptext44                             text44       000E82
__ptext5                              text5        0014BE
__ptext6                              text6        00150A
__ptext7                              text7        0014C8
__ptext8                              text8        001512
__ptext9                              text9        0014D2
__ramtop                              ramtop       000300
__size_of_Delay1KTCYx                 (abs)        000000
__size_of_dbuf_clear                  (abs)        000000
__size_of_dbuf_get                    (abs)        000000
__size_of_dbuf_init                   (abs)        000000
__size_of_dbuf_put                    (abs)        000000
__size_of_i2cs_init                   (abs)        000000
__size_of_i2cs_interrupt              (abs)        000000
__size_of_i2cs_proc                   (abs)        000000
__size_of_i2cs_read_recv_buff         (abs)        000000
__size_of_init                        (abs)        000000
__size_of_interrupt_func              (abs)        000000
__size_of_lbuf_clear                  (abs)        000000
__size_of_lbuf_draw                   (abs)        000000
__size_of_lbuf_enable_blink           (abs)        000000
__size_of_lbuf_enable_scroll          (abs)        000000
__size_of_lbuf_format_str             (abs)        000000
__size_of_lbuf_get                    (abs)        000000
__size_of_lbuf_init                   (abs)        000000
__size_of_lbuf_put                    (abs)        000000
__size_of_lbuf_reset                  (abs)        000000
__size_of_lbuf_set_blink_speed        (abs)        000000
__size_of_lbuf_set_flip_speed         (abs)        000000
__size_of_lbuf_set_page_num           (abs)        000000
__size_of_lbuf_set_scroll_speed       (abs)        000000
__size_of_lbuf_sync                   (abs)        000000
__size_of_main                        (abs)        000000
__size_of_memcpy                      (abs)        000000
__size_of_memset                      (abs)        000000
__size_of_seg7_off                    (abs)        000000
__size_of_seg7_off_all                (abs)        000000
__size_of_seg7_on                     (abs)        000000
__size_of_seg7_put                    (abs)        000000
__size_of_seg7lcd_clear               (abs)        000000
__size_of_seg7lcd_draw                (abs)        000000
__size_of_seg7lcd_enable_blink        (abs)        000000
__size_of_seg7lcd_enable_scroll       (abs)        000000
__size_of_seg7lcd_init                (abs)        000000
__size_of_seg7lcd_puts                (abs)        000000
__size_of_seg7lcd_reset               (abs)        000000
__size_of_seg7lcd_set_blink_speed     (abs)        000000
__size_of_seg7lcd_set_flip_speed      (abs)        000000
__size_of_seg7lcd_set_page_num        (abs)        000000
__size_of_seg7lcd_set_scroll_speed    (abs)        000000
__size_of_seg7lcd_sync                (abs)        000000
__size_of_strlen                      (abs)        000000
__smallconst                          smallconst   000300
_cathodes                             smallconst   000307
_current_page                         bssCOMRAM    00003B
_dbuf                                 bssCOMRAM    00002C
_dbuf_clear                           text35       001238
_dbuf_get                             text25       0013D0
_dbuf_init                            text30       00148C
_dbuf_pages                           bssCOMRAM    00003D
_dbuf_put                             text14       00030C
_font_alphabet_lower                  dataBANK1    0001C8
_font_alphabet_upper                  dataBANK1    0001E2
_font_digits                          dataBANK0    0000D5
_gcounter                             bssCOMRAM    000028
_i2cs_init                            text37       0012DC
_i2cs_interrupt                       text44       000E82
_i2cs_proc                            text40       001310
_i2cs_read_recv_buff                  text38       001270
_init                                 text27       00114E
_interrupt_func                       intcode      000008
_lbuf                                 bssBANK0     000060
_lbuf_clear                           text34       00152A
_lbuf_draw                            text23       000AA2
_lbuf_enable_blink                    text18       001522
_lbuf_enable_scroll                   text16       00151A
_lbuf_format_str                      text13       00091E
_lbuf_get                             text22       00149E
_lbuf_init                            text29       001374
_lbuf_put                             text12       001344
_lbuf_reset                           text10       0013FA
_lbuf_set_blink_speed                 text8        001512
_lbuf_set_flip_speed                  text6        00150A
_lbuf_set_page_num                    text4        001502
_lbuf_set_scroll_speed                text2        0014FA
_lbuf_sync                            text43       000F3C
_lcd_buffer                           bssBANK2     000200
_main                                 text0        000C0C
_memcpy                               text39       0011B8
_memset                               text36       0013A2
_port_font_map                        dataBANK0    0000DF
_ports                                smallconst   000301
_rdtp                                 bssCOMRAM    000035
_recv_buff                            bssBANK1     000100
_recv_size                            bssCOMRAM    000037
_sdtp                                 bssCOMRAM    000039
_seg7_off                             text33       0010DA
_seg7_off_all                         text32       00141C
_seg7_on                              text21       00076E
_seg7_put                             text20       000D56
_seg7lcd_clear                        text31       0014F0
_seg7lcd_draw                         text19       001062
_seg7lcd_enable_blink                 text17       0014E6
_seg7lcd_enable_scroll                text15       0014DC
_seg7lcd_init                         text28       001452
_seg7lcd_puts                         text11       00143C
_seg7lcd_reset                        text9        0014D2
_seg7lcd_set_blink_speed              text7        0014C8
_seg7lcd_set_flip_speed               text5        0014BE
_seg7lcd_set_page_num                 text3        0014B4
_seg7lcd_set_scroll_speed             text1        0014AA
_seg7lcd_sync                         text42       001530
_send_buff                            bssCOMRAM    00004D
_strlen                               text24       0011FA
_timer                                bssCOMRAM    00003C
dbuf_get@page_no                      cstackCOMRAM 000014
dbuf_init@buffer                      cstackCOMRAM 000019
dbuf_init@buffer_size                 cstackCOMRAM 00001B
dbuf_put@buffer                       cstackCOMRAM 000017
dbuf_put@diff                         cstackBANK0  0000F1
dbuf_put@i                            cstackBANK0  0000F4
dbuf_put@next_page                    cstackBANK0  0000F0
dbuf_put@next_pos                     cstackBANK0  0000EF
dbuf_put@page_no                      cstackBANK0  0000F2
dbuf_put@plast                        cstackBANK0  0000EA
dbuf_put@plast_210                    cstackBANK0  0000EC
dbuf_put@pnext                        cstackBANK0  0000E7
dbuf_put@pos                          cstackBANK0  0000F3
dbuf_put@ret                          cstackBANK0  0000E9
dbuf_put@slen                         cstackBANK0  0000EE
end_of_initialization                 cinit        001058
i2cs_init@address                     cstackCOMRAM 000011
i2cs_interrupt@x                      cstackCOMRAM 000002
i2cs_proc@ans                         cstackCOMRAM 000013
i2cs_read_recv_buff@buff              cstackCOMRAM 00001B
i2cs_read_recv_buff@size              cstackCOMRAM 00001D
intlevel0                             text         000000
intlevel1                             text         000000
intlevel2                             text         000000
intlevel3                             text         000000
lbuf_draw@i                           cstackCOMRAM 000021
lbuf_draw@j                           cstackCOMRAM 00001C
lbuf_draw@pos                         cstackCOMRAM 00001E
lbuf_draw@slen                        cstackCOMRAM 000020
lbuf_draw@str                         cstackCOMRAM 00001A
lbuf_enable_blink@enabled             cstackCOMRAM 000011
lbuf_enable_scroll@enabled            cstackCOMRAM 000011
lbuf_format_str@c                     cstackCOMRAM 00001D
lbuf_format_str@i                     cstackCOMRAM 00001E
lbuf_format_str@in                    cstackCOMRAM 000011
lbuf_format_str@j                     cstackCOMRAM 00001F
lbuf_format_str@out                   cstackCOMRAM 000013
lbuf_format_str@out_size              cstackCOMRAM 000015
lbuf_init@buffer                      cstackCOMRAM 00001C
lbuf_init@buffer_size                 cstackCOMRAM 00001E
lbuf_put@page_no                      cstackCOMRAM 000020
lbuf_put@str                          cstackCOMRAM 000022
lbuf_set_blink_speed@blink_speed      cstackCOMRAM 000011
lbuf_set_flip_speed@flip_speed        cstackCOMRAM 000011
lbuf_set_page_num@page_num            cstackCOMRAM 000011
lbuf_set_scroll_speed@scroll_speed    cstackCOMRAM 000011
main@ans                              cstackBANK0  0000F5
main@recv_buff                        cstackBANK0  0000F7
memcpy@d                              cstackCOMRAM 000017
memcpy@d1                             cstackCOMRAM 000011
memcpy@n                              cstackCOMRAM 000015
memcpy@s                              cstackCOMRAM 000019
memcpy@s1                             cstackCOMRAM 000013
memset@c                              cstackCOMRAM 000013
memset@n                              cstackCOMRAM 000015
memset@p                              cstackCOMRAM 000017
memset@p1                             cstackCOMRAM 000011
seg7_off@place                        cstackCOMRAM 000017
seg7_off_all@i                        cstackCOMRAM 000018
seg7_on@F4574                         bssCOMRAM    00002F
seg7_on@F4576                         bssCOMRAM    000032
seg7_on@b                             cstackCOMRAM 00001E
seg7_on@bits                          cstackCOMRAM 000011
seg7_on@i                             cstackCOMRAM 00001F
seg7_on@place                         cstackCOMRAM 00001D
seg7_on@port_hi                       cstackCOMRAM 000017
seg7_on@port_lo                       cstackCOMRAM 00001A
seg7_put@c                            cstackCOMRAM 000020
seg7_put@dot                          cstackCOMRAM 000026
seg7_put@place                        cstackCOMRAM 000025
seg7lcd_draw@i                        cstackBANK0  0000EA
seg7lcd_draw@lcd                      cstackBANK0  0000E7
seg7lcd_draw@page_no                  cstackBANK0  0000E9
seg7lcd_enable_blink@enabled          cstackCOMRAM 000012
seg7lcd_enable_scroll@enabled         cstackCOMRAM 000012
seg7lcd_init@buffer                   cstackCOMRAM 00001F
seg7lcd_init@buffer_size              cstackCOMRAM 000021
seg7lcd_puts@page_no                  cstackCOMRAM 000024
seg7lcd_puts@str                      cstackCOMRAM 000026
seg7lcd_set_blink_speed@blink_speed   cstackCOMRAM 000012
seg7lcd_set_flip_speed@flip_speed     cstackCOMRAM 000012
seg7lcd_set_page_num@page_num         cstackCOMRAM 000012
seg7lcd_set_scroll_speed@scroll_speed cstackCOMRAM 000012
stackhi                               (abs)        0000FF
stacklo                               (abs)        0000F9
start                                 init         0000AA
start_initialization                  cinit        000FE0
strlen@cp                             cstackCOMRAM 000015
strlen@s                              cstackCOMRAM 000011


FUNCTION INFORMATION:

 *************** function _main *****************
 Defined at:
		line 77 in file "main.c"
 Parameters:    Size  Location     Type
		None
 Auto vars:     Size  Location     Type
  recv_buff       2   16[BANK0 ] PTR unsigned char 
		 -> recv_buff(200), NULL(0), 
  ans             2   14[BANK0 ] int 
  send_data       1    0        unsigned char 
 Return value:  Size  Location     Type
		None               void
 Registers used:
		wreg, fsr1l, fsr1h, fsr2l, fsr2h, status,2, status,0, tblptrl, tblptrh, tblptru, prodl, prodh, cstack
 Tracked objects:
		On entry : 
		On exit  : 
		Unchanged: 
 Data sizes:     COMRAM   BANK0   BANK1   BANK2
      Params:         0       0       0       0
      Locals:         0       4       0       0
      Temps:          0       0       0       0
      Totals:         0       4       0       0
Total ram usage:        4 bytes
 Hardware stack levels required when called:    9
 This function calls:
		_i2cs_proc
		_i2cs_read_recv_buff
		_init
		_seg7lcd_clear
		_seg7lcd_draw
		_seg7lcd_enable_blink
		_seg7lcd_enable_scroll
		_seg7lcd_puts
		_seg7lcd_reset
		_seg7lcd_set_blink_speed
		_seg7lcd_set_flip_speed
		_seg7lcd_set_page_num
		_seg7lcd_set_scroll_speed
 This function is called by:
		Startup code after reset
 This function uses a non-reentrant model


 *************** function _seg7lcd_set_scroll_speed *****************
 Defined at:
		line 28 in file "seg7lcd.c"
 Parameters:    Size  Location     Type
  scroll_speed    1    wreg     unsigned char 
 Auto vars:     Size  Location     Type
  scroll_speed    1   17[COMRAM] unsigned char 
 Return value:  Size  Location     Type
		None               void
 Registers used:
		wreg, status,2, cstack
 Tracked objects:
		On entry : 
		On exit  : 
		Unchanged: 
 Data sizes:     COMRAM   BANK0   BANK1   BANK2
      Params:         0       0       0       0
      Locals:         1       0       0       0
      Temps:          0       0       0       0
      Totals:         1       0       0       0
Total ram usage:        1 bytes
 Hardware stack levels used:    1
 Hardware stack levels required when called:    4
 This function calls:
		_lbuf_set_scroll_speed
 This function is called by:
		_main
 This function uses a non-reentrant model


 *************** function _lbuf_set_scroll_speed *****************
 Defined at:
		line 50 in file "lcd_buffer.c"
 Parameters:    Size  Location     Type
  scroll_speed    1    wreg     unsigned char 
 Auto vars:     Size  Location     Type
  scroll_speed    1   16[COMRAM] unsigned char 
 Return value:  Size  Location     Type
		None               void
 Registers used:
		wreg
 Tracked objects:
		On entry : 
		On exit  : 
		Unchanged: 
 Data sizes:     COMRAM   BANK0   BANK1   BANK2
      Params:         0       0       0       0
      Locals:         1       0       0       0
      Temps:          0       0       0       0
      Totals:         1       0       0       0
Total ram usage:        1 bytes
 Hardware stack levels used:    1
 Hardware stack levels required when called:    3
 This function calls:
		Nothing
 This function is called by:
		_seg7lcd_set_scroll_speed
 This function uses a non-reentrant model


 *************** function _seg7lcd_set_page_num *****************
 Defined at:
		line 20 in file "seg7lcd.c"
 Parameters:    Size  Location     Type
  page_num        1    wreg     unsigned char 
 Auto vars:     Size  Location     Type
  page_num        1   17[COMRAM] unsigned char 
 Return value:  Size  Location     Type
		None               void
 Registers used:
		wreg, status,2, cstack
 Tracked objects:
		On entry : 
		On exit  : 
		Unchanged: 
 Data sizes:     COMRAM   BANK0   BANK1   BANK2
      Params:         0       0       0       0
      Locals:         1       0       0       0
      Temps:          0       0       0       0
      Totals:         1       0       0       0
Total ram usage:        1 bytes
 Hardware stack levels used:    1
 Hardware stack levels required when called:    4
 This function calls:
		_lbuf_set_page_num
 This function is called by:
		_main
 This function uses a non-reentrant model


 *************** function _lbuf_set_page_num *****************
 Defined at:
		line 42 in file "lcd_buffer.c"
 Parameters:    Size  Location     Type
  page_num        1    wreg     unsigned char 
 Auto vars:     Size  Location     Type
  page_num        1   16[COMRAM] unsigned char 
 Return value:  Size  Location     Type
		None               void
 Registers used:
		wreg
 Tracked objects:
		On entry : 
		On exit  : 
		Unchanged: 
 Data sizes:     COMRAM   BANK0   BANK1   BANK2
      Params:         0       0       0       0
      Locals:         1       0       0       0
      Temps:          0       0       0       0
      Totals:         1       0       0       0
Total ram usage:        1 bytes
 Hardware stack levels used:    1
 Hardware stack levels required when called:    3
 This function calls:
		Nothing
 This function is called by:
		_seg7lcd_set_page_num
 This function uses a non-reentrant model


 *************** function _seg7lcd_set_flip_speed *****************
 Defined at:
		line 24 in file "seg7lcd.c"
 Parameters:    Size  Location     Type
  flip_speed      1    wreg     unsigned char 
 Auto vars:     Size  Location     Type
  flip_speed      1   17[COMRAM] unsigned char 
 Return value:  Size  Location     Type
		None               void
 Registers used:
		wreg, status,2, cstack
 Tracked objects:
		On entry : 
		On exit  : 
		Unchanged: 
 Data sizes:     COMRAM   BANK0   BANK1   BANK2
      Params:         0       0       0       0
      Locals:         1       0       0       0
      Temps:          0       0       0       0
      Totals:         1       0       0       0
Total ram usage:        1 bytes
 Hardware stack levels used:    1
 Hardware stack levels required when called:    4
 This function calls:
		_lbuf_set_flip_speed
 This function is called by:
		_main
 This function uses a non-reentrant model


 *************** function _lbuf_set_flip_speed *****************
 Defined at:
		line 46 in file "lcd_buffer.c"
 Parameters:    Size  Location     Type
  flip_speed      1    wreg     unsigned char 
 Auto vars:     Size  Location     Type
  flip_speed      1   16[COMRAM] unsigned char 
 Return value:  Size  Location     Type
		None               void
 Registers used:
		wreg
 Tracked objects:
		On entry : 
		On exit  : 
		Unchanged: 
 Data sizes:     COMRAM   BANK0   BANK1   BANK2
      Params:         0       0       0       0
      Locals:         1       0       0       0
      Temps:          0       0       0       0
      Totals:         1       0       0       0
Total ram usage:        1 bytes
 Hardware stack levels used:    1
 Hardware stack levels required when called:    3
 This function calls:
		Nothing
 This function is called by:
		_seg7lcd_set_flip_speed
 This function uses a non-reentrant model


 *************** function _seg7lcd_set_blink_speed *****************
 Defined at:
		line 32 in file "seg7lcd.c"
 Parameters:    Size  Location     Type
  blink_speed     1    wreg     unsigned char 
 Auto vars:     Size  Location     Type
  blink_speed     1   17[COMRAM] unsigned char 
 Return value:  Size  Location     Type
		None               void
 Registers used:
		wreg, status,2, cstack
 Tracked objects:
		On entry : 
		On exit  : 
		Unchanged: 
 Data sizes:     COMRAM   BANK0   BANK1   BANK2
      Params:         0       0       0       0
      Locals:         1       0       0       0
      Temps:          0       0       0       0
      Totals:         1       0       0       0
Total ram usage:        1 bytes
 Hardware stack levels used:    1
 Hardware stack levels required when called:    4
 This function calls:
		_lbuf_set_blink_speed
 This function is called by:
		_main
 This function uses a non-reentrant model


 *************** function _lbuf_set_blink_speed *****************
 Defined at:
		line 54 in file "lcd_buffer.c"
 Parameters:    Size  Location     Type
  blink_speed     1    wreg     unsigned char 
 Auto vars:     Size  Location     Type
  blink_speed     1   16[COMRAM] unsigned char 
 Return value:  Size  Location     Type
		None               void
 Registers used:
		wreg
 Tracked objects:
		On entry : 
		On exit  : 
		Unchanged: 
 Data sizes:     COMRAM   BANK0   BANK1   BANK2
      Params:         0       0       0       0
      Locals:         1       0       0       0
      Temps:          0       0       0       0
      Totals:         1       0       0       0
Total ram usage:        1 bytes
 Hardware stack levels used:    1
 Hardware stack levels required when called:    3
 This function calls:
		Nothing
 This function is called by:
		_seg7lcd_set_blink_speed
 This function uses a non-reentrant model


 *************** function _seg7lcd_reset *****************
 Defined at:
		line 10 in file "seg7lcd.c"
 Parameters:    Size  Location     Type
		None
 Auto vars:     Size  Location     Type
		None
 Return value:  Size  Location     Type
		None               void
 Registers used:
		wreg, fsr2l, fsr2h, status,2, status,0, tblptrl, tblptrh, tblptru, prodl, prodh, cstack
 Tracked objects:
		On entry : 
		On exit  : 
		Unchanged: 
 Data sizes:     COMRAM   BANK0   BANK1   BANK2
      Params:         0       0       0       0
      Locals:         0       0       0       0
      Temps:          0       0       0       0
      Totals:         0       0       0       0
Total ram usage:        0 bytes
 Hardware stack levels used:    1
 Hardware stack levels required when called:    6
 This function calls:
		_lbuf_reset
		_seg7_off_all
 This function is called by:
		_main
 This function uses a non-reentrant model


 *************** function _lbuf_reset *****************
 Defined at:
		line 33 in file "lcd_buffer.c"
 Parameters:    Size  Location     Type
		None
 Auto vars:     Size  Location     Type
		None
 Return value:  Size  Location     Type
		None               void
 Registers used:
		wreg, fsr2l, fsr2h, status,2, status,0, cstack
 Tracked objects:
		On entry : 
		On exit  : 
		Unchanged: 
 Data sizes:     COMRAM   BANK0   BANK1   BANK2
      Params:         0       0       0       0
      Locals:         0       0       0       0
      Temps:          0       0       0       0
      Totals:         0       0       0       0
Total ram usage:        0 bytes
 Hardware stack levels used:    1
 Hardware stack levels required when called:    5
 This function calls:
		_dbuf_clear
		_memset
 This function is called by:
		_seg7lcd_reset
 This function uses a non-reentrant model


 *************** function _seg7lcd_puts *****************
 Defined at:
		line 60 in file "seg7lcd.c"
 Parameters:    Size  Location     Type
  page_no         2   35[COMRAM] int 
  str             2   37[COMRAM] PTR unsigned char 
		 -> recv_buff(200), NULL(0), 
 Auto vars:     Size  Location     Type
		None
 Return value:  Size  Location     Type
		None               void
 Registers used:
		wreg, fsr1l, fsr1h, fsr2l, fsr2h, status,2, status,0, prodl, prodh, cstack
 Tracked objects:
		On entry : 
		On exit  : 
		Unchanged: 
 Data sizes:     COMRAM   BANK0   BANK1   BANK2
      Params:         4       0       0       0
      Locals:         0       0       0       0
      Temps:          0       0       0       0
      Totals:         4       0       0       0
Total ram usage:        4 bytes
 Hardware stack levels used:    1
 Hardware stack levels required when called:    6
 This function calls:
		_lbuf_put
 This function is called by:
		_main
 This function uses a non-reentrant model


 *************** function _lbuf_put *****************
 Defined at:
		line 100 in file "lcd_buffer.c"
 Parameters:    Size  Location     Type
  page_no         2   31[COMRAM] int 
  str             2   33[COMRAM] PTR unsigned char 
		 -> recv_buff(200), lbuf(117), NULL(0), 
 Auto vars:     Size  Location     Type
		None
 Return value:  Size  Location     Type
		None               void
 Registers used:
		wreg, fsr1l, fsr1h, fsr2l, fsr2h, status,2, status,0, prodl, prodh, cstack
 Tracked objects:
		On entry : 
		On exit  : 
		Unchanged: 
 Data sizes:     COMRAM   BANK0   BANK1   BANK2
      Params:         4       0       0       0
      Locals:         0       0       0       0
      Temps:          0       0       0       0
      Totals:         4       0       0       0
Total ram usage:        4 bytes
 Hardware stack levels used:    1
 Hardware stack levels required when called:    5
 This function calls:
		_dbuf_put
		_lbuf_format_str
 This function is called by:
		_seg7lcd_puts
 This function uses a non-reentrant model


 *************** function _lbuf_format_str *****************
 Defined at:
		line 143 in file "lcd_buffer.c"
 Parameters:    Size  Location     Type
  in              2   16[COMRAM] PTR unsigned char 
		 -> recv_buff(200), lbuf(117), NULL(0), 
  out             2   18[COMRAM] PTR unsigned char 
		 -> lbuf(117), 
  out_size        1   20[COMRAM] unsigned char 
 Auto vars:     Size  Location     Type
  c               1   28[COMRAM] unsigned char 
  j               1   30[COMRAM] unsigned char 
  i               1   29[COMRAM] unsigned char 
 Return value:  Size  Location     Type
                  2   16[COMRAM] PTR unsigned char 
 Registers used:
		wreg, fsr1l, fsr1h, fsr2l, fsr2h, status,2, status,0, prodl, prodh
 Tracked objects:
		On entry : 
		On exit  : 
		Unchanged: 
 Data sizes:     COMRAM   BANK0   BANK1   BANK2
      Params:         5       0       0       0
      Locals:         3       0       0       0
      Temps:          7       0       0       0
      Totals:        15       0       0       0
Total ram usage:       15 bytes
 Hardware stack levels used:    1
 Hardware stack levels required when called:    3
 This function calls:
		Nothing
 This function is called by:
		_lbuf_put
 This function uses a non-reentrant model


 *************** function _dbuf_put *****************
 Defined at:
		line 26 in file "defrag_buffer.c"
 Parameters:    Size  Location     Type
  page_no         1    wreg     unsigned char 
  buffer          2   22[COMRAM] PTR unsigned char 
		 -> recv_buff(200), lbuf(117), NULL(0), 
 Auto vars:     Size  Location     Type
  page_no         1   11[BANK0 ] unsigned char 
  plast           2    5[BANK0 ] PTR struct DbufPage
		 -> dbuf_pages(16), 
  pnext           2    0[BANK0 ] PTR struct DbufPage
		 -> dbuf_pages(16), 
  plast           2    3[BANK0 ] PTR struct DbufPage
		 -> dbuf_pages(16), 
  next_page       1    9[BANK0 ] unsigned char 
  i               1   13[BANK0 ] unsigned char 
  pos             1   12[BANK0 ] unsigned char 
  diff            1   10[BANK0 ] unsigned char 
  next_pos        1    8[BANK0 ] unsigned char 
  slen            1    7[BANK0 ] unsigned char 
  ret             1    2[BANK0 ] unsigned char 
 Return value:  Size  Location     Type
                  1    wreg      unsigned char 
 Registers used:
		wreg, fsr1l, fsr1h, fsr2l, fsr2h, status,2, status,0, prodl, prodh, cstack
 Tracked objects:
		On entry : 
		On exit  : 
		Unchanged: 
 Data sizes:     COMRAM   BANK0   BANK1   BANK2
      Params:         2       0       0       0
      Locals:         0      14       0       0
      Temps:          7       0       0       0
      Totals:         9      14       0       0
Total ram usage:       23 bytes
 Hardware stack levels used:    1
 Hardware stack levels required when called:    4
 This function calls:
		_strlen
 This function is called by:
		_lbuf_put
 This function uses a non-reentrant model


 *************** function _seg7lcd_enable_scroll *****************
 Defined at:
		line 40 in file "seg7lcd.c"
 Parameters:    Size  Location     Type
  enabled         1    wreg     unsigned char 
 Auto vars:     Size  Location     Type
  enabled         1   17[COMRAM] unsigned char 
 Return value:  Size  Location     Type
		None               void
 Registers used:
		wreg, status,2, cstack
 Tracked objects:
		On entry : 
		On exit  : 
		Unchanged: 
 Data sizes:     COMRAM   BANK0   BANK1   BANK2
      Params:         0       0       0       0
      Locals:         1       0       0       0
      Temps:          0       0       0       0
      Totals:         1       0       0       0
Total ram usage:        1 bytes
 Hardware stack levels used:    1
 Hardware stack levels required when called:    4
 This function calls:
		_lbuf_enable_scroll
 This function is called by:
		_main
 This function uses a non-reentrant model


 *************** function _lbuf_enable_scroll *****************
 Defined at:
		line 62 in file "lcd_buffer.c"
 Parameters:    Size  Location     Type
  enabled         1    wreg     unsigned char 
 Auto vars:     Size  Location     Type
  enabled         1   16[COMRAM] unsigned char 
 Return value:  Size  Location     Type
		None               void
 Registers used:
		wreg
 Tracked objects:
		On entry : 
		On exit  : 
		Unchanged: 
 Data sizes:     COMRAM   BANK0   BANK1   BANK2
      Params:         0       0       0       0
      Locals:         1       0       0       0
      Temps:          0       0       0       0
      Totals:         1       0       0       0
Total ram usage:        1 bytes
 Hardware stack levels used:    1
 Hardware stack levels required when called:    3
 This function calls:
		Nothing
 This function is called by:
		_seg7lcd_enable_scroll
 This function uses a non-reentrant model


 *************** function _seg7lcd_enable_blink *****************
 Defined at:
		line 36 in file "seg7lcd.c"
 Parameters:    Size  Location     Type
  enabled         1    wreg     unsigned char 
 Auto vars:     Size  Location     Type
  enabled         1   17[COMRAM] unsigned char 
 Return value:  Size  Location     Type
		None               void
 Registers used:
		wreg, status,2, cstack
 Tracked objects:
		On entry : 
		On exit  : 
		Unchanged: 
 Data sizes:     COMRAM   BANK0   BANK1   BANK2
      Params:         0       0       0       0
      Locals:         1       0       0       0
      Temps:          0       0       0       0
      Totals:         1       0       0       0
Total ram usage:        1 bytes
 Hardware stack levels used:    1
 Hardware stack levels required when called:    4
 This function calls:
		_lbuf_enable_blink
 This function is called by:
		_main
 This function uses a non-reentrant model


 *************** function _lbuf_enable_blink *****************
 Defined at:
		line 58 in file "lcd_buffer.c"
 Parameters:    Size  Location     Type
  enabled         1    wreg     unsigned char 
 Auto vars:     Size  Location     Type
  enabled         1   16[COMRAM] unsigned char 
 Return value:  Size  Location     Type
		None               void
 Registers used:
		wreg
 Tracked objects:
		On entry : 
		On exit  : 
		Unchanged: 
 Data sizes:     COMRAM   BANK0   BANK1   BANK2
      Params:         0       0       0       0
      Locals:         1       0       0       0
      Temps:          0       0       0       0
      Totals:         1       0       0       0
Total ram usage:        1 bytes
 Hardware stack levels used:    1
 Hardware stack levels required when called:    3
 This function calls:
		Nothing
 This function is called by:
		_seg7lcd_enable_blink
 This function uses a non-reentrant model


 *************** function _seg7lcd_draw *****************
 Defined at:
		line 48 in file "seg7lcd.c"
 Parameters:    Size  Location     Type
		None
 Auto vars:     Size  Location     Type
  i               2    3[BANK0 ] int 
  lcd             2    0[BANK0 ] PTR unsigned char 
		 -> lbuf.lcd(5), lbuf(117), 
  page_no         1    2[BANK0 ] unsigned char 
 Return value:  Size  Location     Type
		None               void
 Registers used:
		wreg, fsr1l, fsr1h, fsr2l, fsr2h, status,2, status,0, tblptrl, tblptrh, tblptru, prodl, prodh, cstack
 Tracked objects:
		On entry : 
		On exit  : 
		Unchanged: 
 Data sizes:     COMRAM   BANK0   BANK1   BANK2
      Params:         0       0       0       0
      Locals:         0       5       0       0
      Temps:          0       0       0       0
      Totals:         0       5       0       0
Total ram usage:        5 bytes
 Hardware stack levels used:    1
 Hardware stack levels required when called:    5
 This function calls:
		_Delay1KTCYx
		_lbuf_draw
		_lbuf_get
		_seg7_off
		_seg7_put
 This function is called by:
		_main
 This function uses a non-reentrant model


 *************** function _seg7_put *****************
 Defined at:
		line 95 in file "seg7.c"
 Parameters:    Size  Location     Type
  place           1    wreg     unsigned char 
  c               1   31[COMRAM] unsigned char 
 Auto vars:     Size  Location     Type
  place           1   36[COMRAM] unsigned char 
  dot             1   37[COMRAM] unsigned char 
 Return value:  Size  Location     Type
		None               void
 Registers used:
		wreg, fsr2l, fsr2h, status,2, status,0, tblptrl, tblptrh, tblptru, prodl, prodh, cstack
 Tracked objects:
		On entry : 
		On exit  : 
		Unchanged: 
 Data sizes:     COMRAM   BANK0   BANK1   BANK2
      Params:         1       0       0       0
      Locals:         2       0       0       0
      Temps:          4       0       0       0
      Totals:         7       0       0       0
Total ram usage:        7 bytes
 Hardware stack levels used:    1
 Hardware stack levels required when called:    4
 This function calls:
		_seg7_off
		_seg7_on
 This function is called by:
		_seg7lcd_draw
 This function uses a non-reentrant model


 *************** function _seg7_on *****************
 Defined at:
		line 75 in file "seg7.c"
 Parameters:    Size  Location     Type
  place           1    wreg     unsigned char 
  bits            1   16[COMRAM] unsigned char 
 Auto vars:     Size  Location     Type
  place           1   28[COMRAM] unsigned char 
  port_lo         3   25[COMRAM] unsigned char [3]
  port_hi         3   22[COMRAM] unsigned char [3]
  i               1   30[COMRAM] unsigned char 
  b               1   29[COMRAM] unsigned char 
 Return value:  Size  Location     Type
		None               void
 Registers used:
		wreg, fsr2l, fsr2h, status,2, status,0, tblptrl, tblptrh, tblptru, prodl, prodh
 Tracked objects:
		On entry : 
		On exit  : 
		Unchanged: 
 Data sizes:     COMRAM   BANK0   BANK1   BANK2
      Params:         1       0       0       0
      Locals:         9       0       0       0
      Temps:          5       0       0       0
      Totals:        15       0       0       0
Total ram usage:       15 bytes
 Hardware stack levels used:    1
 Hardware stack levels required when called:    3
 This function calls:
		Nothing
 This function is called by:
		_seg7_put
 This function uses a non-reentrant model


 *************** function _lbuf_get *****************
 Defined at:
		line 105 in file "lcd_buffer.c"
 Parameters:    Size  Location     Type
		None
 Auto vars:     Size  Location     Type
		None
 Return value:  Size  Location     Type
                  2   16[COMRAM] PTR unsigned char 
 Registers used:
		wreg, status,2, status,0
 Tracked objects:
		On entry : 
		On exit  : 
		Unchanged: 
 Data sizes:     COMRAM   BANK0   BANK1   BANK2
      Params:         2       0       0       0
      Locals:         0       0       0       0
      Temps:          0       0       0       0
      Totals:         2       0       0       0
Total ram usage:        2 bytes
 Hardware stack levels used:    1
 Hardware stack levels required when called:    3
 This function calls:
		Nothing
 This function is called by:
		_seg7lcd_draw
 This function uses a non-reentrant model


 *************** function _lbuf_draw *****************
 Defined at:
		line 109 in file "lcd_buffer.c"
 Parameters:    Size  Location     Type
		None
 Auto vars:     Size  Location     Type
  i               2   32[COMRAM] int 
  pos             2   29[COMRAM] int 
  j               2   27[COMRAM] int 
  str             2   25[COMRAM] PTR unsigned char 
		 -> lcd_buffer(255), 
  slen            1   31[COMRAM] unsigned char 
 Return value:  Size  Location     Type
		None               void
 Registers used:
		wreg, fsr1l, fsr1h, fsr2l, fsr2h, status,2, status,0, prodl, prodh, cstack
 Tracked objects:
		On entry : 
		On exit  : 
		Unchanged: 
 Data sizes:     COMRAM   BANK0   BANK1   BANK2
      Params:         0       0       0       0
      Locals:         9       0       0       0
      Temps:          3       0       0       0
      Totals:        12       0       0       0
Total ram usage:       12 bytes
 Hardware stack levels used:    1
 Hardware stack levels required when called:    4
 This function calls:
		_dbuf_get
		_strlen
 This function is called by:
		_seg7lcd_draw
 This function uses a non-reentrant model


 *************** function _strlen *****************
 Defined at:
		line 4 in file "/Applications/microchip/xc8/v1.34/sources/common/strlen.c"
 Parameters:    Size  Location     Type
  s               2   16[COMRAM] PTR const unsigned char 
		 -> recv_buff(200), lbuf(117), NULL(0), lcd_buffer(255), 
 Auto vars:     Size  Location     Type
  cp              2   20[COMRAM] PTR const unsigned char 
		 -> recv_buff(200), lbuf(117), NULL(0), lcd_buffer(255), 
 Return value:  Size  Location     Type
                  2   16[COMRAM] unsigned int 
 Registers used:
		wreg, fsr2l, fsr2h, status,2, status,0
 Tracked objects:
		On entry : 
		On exit  : 
		Unchanged: 
 Data sizes:     COMRAM   BANK0   BANK1   BANK2
      Params:         2       0       0       0
      Locals:         2       0       0       0
      Temps:          2       0       0       0
      Totals:         6       0       0       0
Total ram usage:        6 bytes
 Hardware stack levels used:    1
 Hardware stack levels required when called:    3
 This function calls:
		Nothing
 This function is called by:
		_dbuf_put
		_lbuf_draw
 This function uses a non-reentrant model


 *************** function _dbuf_get *****************
 Defined at:
		line 96 in file "defrag_buffer.c"
 Parameters:    Size  Location     Type
  page_no         1    wreg     unsigned char 
 Auto vars:     Size  Location     Type
  page_no         1   19[COMRAM] unsigned char 
 Return value:  Size  Location     Type
                  2   16[COMRAM] PTR unsigned char 
 Registers used:
		wreg, fsr2l, fsr2h, status,2, status,0, prodl, prodh
 Tracked objects:
		On entry : 
		On exit  : 
		Unchanged: 
 Data sizes:     COMRAM   BANK0   BANK1   BANK2
      Params:         2       0       0       0
      Locals:         1       0       0       0
      Temps:          1       0       0       0
      Totals:         4       0       0       0
Total ram usage:        4 bytes
 Hardware stack levels used:    1
 Hardware stack levels required when called:    3
 This function calls:
		Nothing
 This function is called by:
		_lbuf_draw
 This function uses a non-reentrant model


 *************** function _Delay1KTCYx *****************
 Defined at:
		line 8 in file "/Applications/microchip/xc8/v1.34/sources/pic18/d1ktcyx.c"
 Parameters:    Size  Location     Type
  unit            1    wreg     unsigned char 
 Auto vars:     Size  Location     Type
  unit            1   16[COMRAM] unsigned char 
 Return value:  Size  Location     Type
		None               void
 Registers used:
		wreg
 Tracked objects:
		On entry : 
		On exit  : 
		Unchanged: 
 Data sizes:     COMRAM   BANK0   BANK1   BANK2
      Params:         0       0       0       0
      Locals:         1       0       0       0
      Temps:          0       0       0       0
      Totals:         1       0       0       0
Total ram usage:        1 bytes
 Hardware stack levels used:    1
 Hardware stack levels required when called:    3
 This function calls:
		Nothing
 This function is called by:
		_seg7lcd_draw
 This function uses a non-reentrant model


 *************** function _init *****************
 Defined at:
		line 43 in file "main.c"
 Parameters:    Size  Location     Type
		None
 Auto vars:     Size  Location     Type
		None
 Return value:  Size  Location     Type
		None               void
 Registers used:
		wreg, fsr2l, fsr2h, status,2, status,0, tblptrl, tblptrh, tblptru, prodl, prodh, cstack
 Tracked objects:
		On entry : 
		On exit  : 
		Unchanged: 
 Data sizes:     COMRAM   BANK0   BANK1   BANK2
      Params:         0       0       0       0
      Locals:         0       0       0       0
      Temps:          0       0       0       0
      Totals:         0       0       0       0
Total ram usage:        0 bytes
 Hardware stack levels used:    1
 Hardware stack levels required when called:    8
 This function calls:
		_i2cs_init
		_seg7lcd_clear
		_seg7lcd_init
 This function is called by:
		_main
 This function uses a non-reentrant model


 *************** function _seg7lcd_init *****************
 Defined at:
		line 5 in file "seg7lcd.c"
 Parameters:    Size  Location     Type
  buffer          2   30[COMRAM] PTR unsigned char 
		 -> lcd_buffer(255), 
  buffer_size     1   32[COMRAM] unsigned char 
 Auto vars:     Size  Location     Type
		None
 Return value:  Size  Location     Type
		None               void
 Registers used:
		wreg, fsr2l, fsr2h, status,2, status,0, tblptrl, tblptrh, tblptru, prodl, prodh, cstack
 Tracked objects:
		On entry : 
		On exit  : 
		Unchanged: 
 Data sizes:     COMRAM   BANK0   BANK1   BANK2
      Params:         3       0       0       0
      Locals:         0       0       0       0
      Temps:          0       0       0       0
      Totals:         3       0       0       0
Total ram usage:        3 bytes
 Hardware stack levels used:    1
 Hardware stack levels required when called:    7
 This function calls:
		_lbuf_init
		_seg7_off_all
 This function is called by:
		_init
 This function uses a non-reentrant model


 *************** function _lbuf_init *****************
 Defined at:
		line 28 in file "lcd_buffer.c"
 Parameters:    Size  Location     Type
  buffer          2   27[COMRAM] PTR unsigned char 
		 -> lcd_buffer(255), 
  buffer_size     1   29[COMRAM] unsigned char 
 Auto vars:     Size  Location     Type
		None
 Return value:  Size  Location     Type
		None               void
 Registers used:
		wreg, fsr2l, fsr2h, status,2, status,0, cstack
 Tracked objects:
		On entry : 
		On exit  : 
		Unchanged: 
 Data sizes:     COMRAM   BANK0   BANK1   BANK2
      Params:         3       0       0       0
      Locals:         0       0       0       0
      Temps:          0       0       0       0
      Totals:         3       0       0       0
Total ram usage:        3 bytes
 Hardware stack levels used:    1
 Hardware stack levels required when called:    6
 This function calls:
		_dbuf_init
		_memset
 This function is called by:
		_seg7lcd_init
 This function uses a non-reentrant model


 *************** function _dbuf_init *****************
 Defined at:
		line 15 in file "defrag_buffer.c"
 Parameters:    Size  Location     Type
  buffer          2   24[COMRAM] PTR unsigned char 
		 -> lcd_buffer(255), 
  buffer_size     1   26[COMRAM] unsigned char 
 Auto vars:     Size  Location     Type
		None
 Return value:  Size  Location     Type
		None               void
 Registers used:
		wreg, fsr2l, fsr2h, status,2, status,0, cstack
 Tracked objects:
		On entry : 
		On exit  : 
		Unchanged: 
 Data sizes:     COMRAM   BANK0   BANK1   BANK2
      Params:         3       0       0       0
      Locals:         0       0       0       0
      Temps:          0       0       0       0
      Totals:         3       0       0       0
Total ram usage:        3 bytes
 Hardware stack levels used:    1
 Hardware stack levels required when called:    5
 This function calls:
		_dbuf_clear
 This function is called by:
		_lbuf_init
 This function uses a non-reentrant model


 *************** function _seg7lcd_clear *****************
 Defined at:
		line 15 in file "seg7lcd.c"
 Parameters:    Size  Location     Type
		None
 Auto vars:     Size  Location     Type
		None
 Return value:  Size  Location     Type
		None               void
 Registers used:
		wreg, fsr2l, fsr2h, status,2, status,0, tblptrl, tblptrh, tblptru, prodl, prodh, cstack
 Tracked objects:
		On entry : 
		On exit  : 
		Unchanged: 
 Data sizes:     COMRAM   BANK0   BANK1   BANK2
      Params:         0       0       0       0
      Locals:         0       0       0       0
      Temps:          0       0       0       0
      Totals:         0       0       0       0
Total ram usage:        0 bytes
 Hardware stack levels used:    1
 Hardware stack levels required when called:    6
 This function calls:
		_lbuf_clear
		_seg7_off_all
 This function is called by:
		_init
		_main
 This function uses a non-reentrant model


 *************** function _seg7_off_all *****************
 Defined at:
		line 69 in file "seg7.c"
 Parameters:    Size  Location     Type
		None
 Auto vars:     Size  Location     Type
  i               1   23[COMRAM] unsigned char 
 Return value:  Size  Location     Type
		None               void
 Registers used:
		wreg, fsr2l, fsr2h, status,2, status,0, tblptrl, tblptrh, tblptru, prodl, prodh, cstack
 Tracked objects:
		On entry : 
		On exit  : 
		Unchanged: 
 Data sizes:     COMRAM   BANK0   BANK1   BANK2
      Params:         0       0       0       0
      Locals:         1       0       0       0
      Temps:          0       0       0       0
      Totals:         1       0       0       0
Total ram usage:        1 bytes
 Hardware stack levels used:    1
 Hardware stack levels required when called:    4
 This function calls:
		_seg7_off
 This function is called by:
		_seg7lcd_init
		_seg7lcd_reset
		_seg7lcd_clear
 This function uses a non-reentrant model


 *************** function _seg7_off *****************
 Defined at:
		line 65 in file "seg7.c"
 Parameters:    Size  Location     Type
  place           1    wreg     unsigned char 
 Auto vars:     Size  Location     Type
  place           1   22[COMRAM] unsigned char 
 Return value:  Size  Location     Type
		None               void
 Registers used:
		wreg, fsr2l, fsr2h, status,2, status,0, tblptrl, tblptrh, tblptru, prodl, prodh
 Tracked objects:
		On entry : 
		On exit  : 
		Unchanged: 
 Data sizes:     COMRAM   BANK0   BANK1   BANK2
      Params:         0       0       0       0
      Locals:         1       0       0       0
      Temps:          6       0       0       0
      Totals:         7       0       0       0
Total ram usage:        7 bytes
 Hardware stack levels used:    1
 Hardware stack levels required when called:    3
 This function calls:
		Nothing
 This function is called by:
		_seg7_off_all
		_seg7_put
		_seg7lcd_draw
 This function uses a non-reentrant model


 *************** function _lbuf_clear *****************
 Defined at:
		line 38 in file "lcd_buffer.c"
 Parameters:    Size  Location     Type
		None
 Auto vars:     Size  Location     Type
		None
 Return value:  Size  Location     Type
		None               void
 Registers used:
		wreg, fsr2l, fsr2h, status,2, status,0, cstack
 Tracked objects:
		On entry : 
		On exit  : 
		Unchanged: 
 Data sizes:     COMRAM   BANK0   BANK1   BANK2
      Params:         0       0       0       0
      Locals:         0       0       0       0
      Temps:          0       0       0       0
      Totals:         0       0       0       0
Total ram usage:        0 bytes
 Hardware stack levels used:    1
 Hardware stack levels required when called:    5
 This function calls:
		_dbuf_clear
 This function is called by:
		_seg7lcd_clear
 This function uses a non-reentrant model


 *************** function _dbuf_clear *****************
 Defined at:
		line 21 in file "defrag_buffer.c"
 Parameters:    Size  Location     Type
		None
 Auto vars:     Size  Location     Type
		None
 Return value:  Size  Location     Type
		None               void
 Registers used:
		wreg, fsr2l, fsr2h, status,2, status,0, cstack
 Tracked objects:
		On entry : 
		On exit  : 
		Unchanged: 
 Data sizes:     COMRAM   BANK0   BANK1   BANK2
      Params:         0       0       0       0
      Locals:         0       0       0       0
      Temps:          0       0       0       0
      Totals:         0       0       0       0
Total ram usage:        0 bytes
 Hardware stack levels used:    1
 Hardware stack levels required when called:    4
 This function calls:
		_memset
 This function is called by:
		_dbuf_init
		_lbuf_reset
		_lbuf_clear
 This function uses a non-reentrant model


 *************** function _memset *****************
 Defined at:
		line 8 in file "/Applications/microchip/xc8/v1.34/sources/common/memset.c"
 Parameters:    Size  Location     Type
  p1              2   16[COMRAM] PTR void 
		 -> lbuf(117), dbuf_pages(16), lcd_buffer(255), 
  c               2   18[COMRAM] int 
  n               2   20[COMRAM] unsigned int 
 Auto vars:     Size  Location     Type
  p               2   22[COMRAM] PTR unsigned char 
		 -> lbuf(117), dbuf_pages(16), lcd_buffer(255), 
 Return value:  Size  Location     Type
                  2   16[COMRAM] PTR void 
 Registers used:
		wreg, fsr2l, fsr2h, status,2, status,0
 Tracked objects:
		On entry : 
		On exit  : 
		Unchanged: 
 Data sizes:     COMRAM   BANK0   BANK1   BANK2
      Params:         6       0       0       0
      Locals:         2       0       0       0
      Temps:          0       0       0       0
      Totals:         8       0       0       0
Total ram usage:        8 bytes
 Hardware stack levels used:    1
 Hardware stack levels required when called:    3
 This function calls:
		Nothing
 This function is called by:
		_dbuf_clear
		_lbuf_init
		_lbuf_reset
 This function uses a non-reentrant model


 *************** function _i2cs_init *****************
 Defined at:
		line 74 in file "i2c_slave.c"
 Parameters:    Size  Location     Type
  address         2   16[COMRAM] int 
 Auto vars:     Size  Location     Type
		None
 Return value:  Size  Location     Type
		None               void
 Registers used:
		wreg, status,2, status,0
 Tracked objects:
		On entry : 
		On exit  : 
		Unchanged: 
 Data sizes:     COMRAM   BANK0   BANK1   BANK2
      Params:         2       0       0       0
      Locals:         0       0       0       0
      Temps:          0       0       0       0
      Totals:         2       0       0       0
Total ram usage:        2 bytes
 Hardware stack levels used:    1
 Hardware stack levels required when called:    3
 This function calls:
		Nothing
 This function is called by:
		_init
 This function uses a non-reentrant model


 *************** function _i2cs_read_recv_buff *****************
 Defined at:
		line 123 in file "i2c_slave.c"
 Parameters:    Size  Location     Type
  buff            2   26[COMRAM] PTR unsigned char 
		 -> NULL(0), 
  size            1   28[COMRAM] unsigned char 
 Auto vars:     Size  Location     Type
		None
 Return value:  Size  Location     Type
                  2   26[COMRAM] PTR unsigned char 
 Registers used:
		wreg, fsr1l, fsr1h, fsr2l, fsr2h, status,2, status,0, cstack
 Tracked objects:
		On entry : 
		On exit  : 
		Unchanged: 
 Data sizes:     COMRAM   BANK0   BANK1   BANK2
      Params:         3       0       0       0
      Locals:         0       0       0       0
      Temps:          0       0       0       0
      Totals:         3       0       0       0
Total ram usage:        3 bytes
 Hardware stack levels used:    1
 Hardware stack levels required when called:    4
 This function calls:
		_memcpy
 This function is called by:
		_main
 This function uses a non-reentrant model


 *************** function _memcpy *****************
 Defined at:
		line 11 in file "/Applications/microchip/xc8/v1.34/sources/common/memcpy.c"
 Parameters:    Size  Location     Type
  d1              2   16[COMRAM] PTR void 
		 -> send_buff(1), NULL(0), 
  s1              2   18[COMRAM] PTR const void 
		 -> recv_buff(200), 
  n               2   20[COMRAM] unsigned int 
 Auto vars:     Size  Location     Type
  s               2   24[COMRAM] PTR const unsigned char 
		 -> recv_buff(200), 
  d               2   22[COMRAM] PTR unsigned char 
		 -> send_buff(1), NULL(0), 
 Return value:  Size  Location     Type
                  2   16[COMRAM] PTR void 
 Registers used:
		wreg, fsr1l, fsr1h, fsr2l, fsr2h, status,2, status,0
 Tracked objects:
		On entry : 
		On exit  : 
		Unchanged: 
 Data sizes:     COMRAM   BANK0   BANK1   BANK2
      Params:         6       0       0       0
      Locals:         4       0       0       0
      Temps:          0       0       0       0
      Totals:        10       0       0       0
Total ram usage:       10 bytes
 Hardware stack levels used:    1
 Hardware stack levels required when called:    3
 This function calls:
		Nothing
 This function is called by:
		_i2cs_read_recv_buff
		_i2cs_set_send_buff
 This function uses a non-reentrant model


 *************** function _i2cs_proc *****************
 Defined at:
		line 102 in file "i2c_slave.c"
 Parameters:    Size  Location     Type
		None
 Auto vars:     Size  Location     Type
  ans             2   18[COMRAM] int 
 Return value:  Size  Location     Type
                  2   16[COMRAM] int 
 Registers used:
		wreg, status,2, status,0
 Tracked objects:
		On entry : 
		On exit  : 
		Unchanged: 
 Data sizes:     COMRAM   BANK0   BANK1   BANK2
      Params:         2       0       0       0
      Locals:         2       0       0       0
      Temps:          0       0       0       0
      Totals:         4       0       0       0
Total ram usage:        4 bytes
 Hardware stack levels used:    1
 Hardware stack levels required when called:    3
 This function calls:
		Nothing
 This function is called by:
		_main
 This function uses a non-reentrant model


 *************** function _interrupt_func *****************
 Defined at:
		line 24 in file "main.c"
 Parameters:    Size  Location     Type
		None
 Auto vars:     Size  Location     Type
		None
 Return value:  Size  Location     Type
		None               void
 Registers used:
		wreg, fsr2l, fsr2h, status,2, status,0, cstack
 Tracked objects:
		On entry : 
		On exit  : 
		Unchanged: 
 Data sizes:     COMRAM   BANK0   BANK1   BANK2
      Params:         0       0       0       0
      Locals:         0       0       0       0
      Temps:         14       0       0       0
      Totals:        14       0       0       0
Total ram usage:       14 bytes
 Hardware stack levels used:    1
 Hardware stack levels required when called:    2
 This function calls:
		_i2cs_interrupt
		_seg7lcd_sync
 This function is called by:
		Interrupt level 2
 This function uses a non-reentrant model


 *************** function _seg7lcd_sync *****************
 Defined at:
		line 44 in file "seg7lcd.c"
 Parameters:    Size  Location     Type
		None
 Auto vars:     Size  Location     Type
		None
 Return value:  Size  Location     Type
		None               void
 Registers used:
		wreg, status,2, status,0, cstack
 Tracked objects:
		On entry : 
		On exit  : 
		Unchanged: 
 Data sizes:     COMRAM   BANK0   BANK1   BANK2
      Params:         0       0       0       0
      Locals:         0       0       0       0
      Temps:          0       0       0       0
      Totals:         0       0       0       0
Total ram usage:        0 bytes
 Hardware stack levels used:    1
 Hardware stack levels required when called:    1
 This function calls:
		_lbuf_sync
 This function is called by:
		_interrupt_func
 This function uses a non-reentrant model


 *************** function _lbuf_sync *****************
 Defined at:
		line 66 in file "lcd_buffer.c"
 Parameters:    Size  Location     Type
		None
 Auto vars:     Size  Location     Type
		None
 Return value:  Size  Location     Type
		None               void
 Registers used:
		wreg, status,2, status,0
 Tracked objects:
		On entry : 
		On exit  : 
		Unchanged: 
 Data sizes:     COMRAM   BANK0   BANK1   BANK2
      Params:         0       0       0       0
      Locals:         0       0       0       0
      Temps:          0       0       0       0
      Totals:         0       0       0       0
Total ram usage:        0 bytes
 Hardware stack levels used:    1
 This function calls:
		Nothing
 This function is called by:
		_seg7lcd_sync
 This function uses a non-reentrant model


 *************** function _i2cs_interrupt *****************
 Defined at:
		line 20 in file "i2c_slave.c"
 Parameters:    Size  Location     Type
		None
 Auto vars:     Size  Location     Type
  x               1    1[COMRAM] unsigned char 
 Return value:  Size  Location     Type
		None               void
 Registers used:
		wreg, fsr2l, fsr2h, status,2, status,0
 Tracked objects:
		On entry : 
		On exit  : 
		Unchanged: 
 Data sizes:     COMRAM   BANK0   BANK1   BANK2
      Params:         0       0       0       0
      Locals:         1       0       0       0
      Temps:          1       0       0       0
      Totals:         2       0       0       0
Total ram usage:        2 bytes
 Hardware stack levels used:    1
 This function calls:
		Nothing
 This function is called by:
		_interrupt_func
 This function uses a non-reentrant model



MODULE INFORMATION

Module		Function		Class		Link	Load	Size
/Applications/microchip/xc8/v1.34/sources/common/memcpy.c
		_memcpy        		CODE           	11B8	0000	67

/Applications/microchip/xc8/v1.34/sources/common/memcpy.c estimated size: 67

seg7lcd.c
		_seg7lcd_sync  		CODE           	1530	0000	7
		_seg7lcd_draw  		CODE           	1062	0000	121
		_seg7lcd_init  		CODE           	1452	0000	23
		_seg7lcd_puts  		CODE           	143C	0000	23
		_seg7lcd_set_sc		CODE           	14AA	0000	11
		_seg7lcd_clear 		CODE           	14F0	0000	11
		_seg7lcd_reset 		CODE           	14D2	0000	11
		_seg7lcd_enable		CODE           	14DC	0000	11
		_seg7lcd_enable		CODE           	14E6	0000	11
		_seg7lcd_set_bl		CODE           	14C8	0000	11
		_seg7lcd_set_pa		CODE           	14B4	0000	11
		_seg7lcd_set_fl		CODE           	14BE	0000	11

seg7lcd.c estimated size: 262

shared
		_cathodes      		SMALLCONST     	0307	0000	5
		_ports         		SMALLCONST     	0301	0000	7
		__initializatio		CODE           	0FE0	0000	121

shared estimated size: 133

lcd_buffer.c
		_lbuf_reset    		CODE           	13FA	0000	35
		_lbuf_enable_bl		CODE           	1522	0000	9
		_lbuf_set_flip_		CODE           	150A	0000	9
		_lbuf_init     		CODE           	1374	0000	47
		_lbuf_sync     		CODE           	0F3C	0000	165
		_lbuf_draw     		CODE           	0AA2	0000	363
		_lbuf_get      		CODE           	149E	0000	13
		_lbuf_set_scrol		CODE           	14FA	0000	9
		_lbuf_put      		CODE           	1344	0000	49
		_lbuf_format_st		CODE           	091E	0000	389
		_lbuf_enable_sc		CODE           	151A	0000	9
		_lbuf_clear    		CODE           	152A	0000	7
		_lbuf_set_page_		CODE           	1502	0000	9
		_lbuf_set_blink		CODE           	1512	0000	9

lcd_buffer.c estimated size: 1122

/Applications/microchip/xc8/v1.34/sources/common/strlen.c
		_strlen        		CODE           	11FA	0000	63

/Applications/microchip/xc8/v1.34/sources/common/strlen.c estimated size: 63

i2c_slave.c
		_i2cs_read_recv		CODE           	1270	0000	57
		_i2cs_init     		CODE           	12DC	0000	53
		_i2cs_proc     		CODE           	1310	0000	53
		_i2cs_interrupt		CODE           	0E82	0000	187

i2c_slave.c estimated size: 350

/Applications/microchip/xc8/v1.34/sources/common/memset.c
		_memset        		CODE           	13A2	0000	47

/Applications/microchip/xc8/v1.34/sources/common/memset.c estimated size: 47

defrag_buffer.c
		_dbuf_init     		CODE           	148C	0000	19
		_dbuf_get      		CODE           	13D0	0000	43
		_dbuf_put      		CODE           	030C	0000	1123
		_dbuf_clear    		CODE           	1238	0000	57

defrag_buffer.c estimated size: 1242

main.c
		_init          		CODE           	114E	0000	107
		_main          		CODE           	0C0C	0000	331
		_interrupt_func		CODE           	0008	0000	163

main.c estimated size: 601

/Applications/microchip/xc8/v1.34/sources/pic18/d1ktcyx.c
		_Delay1KTCYx   		CODE           	147A	0000	19

/Applications/microchip/xc8/v1.34/sources/pic18/d1ktcyx.c estimated size: 19

seg7.c
		_seg7_off      		CODE           	10DA	0000	117
		_seg7_off_all  		CODE           	141C	0000	33
		_seg7_on       		CODE           	076E	0000	433
		_seg7_put      		CODE           	0D56	0000	301

seg7.c estimated size: 884

