Microchip MPLAB XC8 Compiler V1.34 ()

Linker command line:

--edf=/Applications/microchip/xc8/v1.34/dat/en_msgs.txt -cs \
  -h+dist/default/production/i2c-7segled.X.production.sym \
  --cmf=dist/default/production/i2c-7segled.X.production.cmf -z -Q18F14K50 \
  -o/tmp/cgt8SZ62L -Mdist/default/production/i2c-7segled.X.production.map \
  -E1 -ver=XC8 -ASTACK=060h-02ffh -pstack=STACK -ACODE=00h-03FFFh \
  -ACONST=00h-03FFFh -ASMALLCONST=0300h-03FFhx61 -AMEDIUMCONST=0300h-03FFFh \
  -ACOMRAM=01h-05Fh -AABS1=00h-02FFh -ABIGRAM=01h-02FFh \
  -ARAM=060h-0FFh,0100h-01FFhx2 -ABANK0=060h-0FFh -ABANK1=0100h-01FFh \
  -ABANK2=0200h-02FFh -ASFR=0F53h-0F5Fh,0F60h-0FFFh \
  -preset_vec=00h,intcode,intcodelo,powerup,init,end_init -pramtop=0300h \
  -psmallconst=SMALLCONST -pmediumconst=MEDIUMCONST -pconst=CONST \
  -AFARRAM=00h-00h -ACONFIG=0300000h-030000Dh -pconfig=CONFIG \
  -AIDLOC=0200000h-0200007h -pidloc=IDLOC -AEEDATA=0F00000h-0F000FFh \
  -peeprom_data=EEDATA \
  -prdata=COMRAM,nvrram=COMRAM,nvbit=COMRAM,rbss=COMRAM,rbit=COMRAM \
  -pfarbss=FARRAM,fardata=FARRAM,nvFARRAM=FARRAM \
  -pintsave_regs=BIGRAM,bigbss=BIGRAM,bigdata=BIGRAM -pbss=RAM \
  -pidata=CODE,irdata=CODE,ibigdata=CODE,ifardata=CODE -prparam=COMRAM \
  /tmp/cgtyugmjY.obj dist/default/production/i2c-7segled.X.production.obj 

Object code version is 3.11

Machine type is 18F14K50

Call graph: (short form)




                Name                               Link     Load   Length Selector   Space Scale
/tmp/cgtyugmjY.obj
                end_init                              0        0        4        0       0
                idloc                            200000   200000        8   200000       0
                config                           300000   300000        E   300000       0
dist/default/production/i2c-7segled.X.production.obj
                smallconst                          300      300        C      180       0
                text3                               5AC      5AC       18      186       0
                text2                               4B6      4B6       74      186       0
                text1                               30C      30C      1AA      186       0
                text0                               52A      52A       48      186       0
                cstackCOMRAM                          1        1        F        1       1
                dataCOMRAM                           10       10        8        1       1
                bssCOMRAM                            18       18        6        1       1
                cinit                               572      572       3A      186       0
                idataCOMRAM                         5C4      5C4        8      186       0

TOTAL           Name                               Link     Load   Length     Space
        CLASS   STACK          

        CLASS   CODE           
                end_init                              0        0        4         0
                text3                               5AC      5AC       18         0
                text2                               4B6      4B6       74         0
                text1                               30C      30C      1AA         0
                text0                               52A      52A       48         0
                cinit                               572      572       3A         0
                idataCOMRAM                         5C4      5C4        8         0

        CLASS   CONST          

        CLASS   SMALLCONST     
                smallconst                          300      300        C         0

        CLASS   MEDIUMCONST    

        CLASS   COMRAM         
                cstackCOMRAM                          1        1        F         1
                dataCOMRAM                           10       10        8         1
                bssCOMRAM                            18       18        6         1

        CLASS   ABS1           

        CLASS   BIGRAM         

        CLASS   RAM            

        CLASS   BANK0          

        CLASS   BANK1          

        CLASS   BANK2          

        CLASS   SFR            

        CLASS   FARRAM         

        CLASS   CONFIG         
                config                           300000   300000        E         0

        CLASS   IDLOC          
                idloc                            200000   200000        8         0

        CLASS   EEDATA         



SEGMENTS        Name                           Load    Length   Top    Selector   Space  Class

                reset_vec                      000000  000004  000004         0       0  CODE    
                cstackCOMRAM                   000001  00001D  00001E         1       1  COMRAM  
                smallconst                     000300  00000C  00030C       180       0  SMALLCON
                text1                          00030C  0002C0  0005CC       186       0  CODE    
                idloc                          200000  000008  200008    200000       0  IDLOC   
                config                         300000  00000E  30000E    300000       0  CONFIG  


UNUSED ADDRESS RANGES

        Name                Unused          Largest block    Delta
        BANK0            000060-0000FF               A0
        BANK1            000100-0001FF              100
        BANK2            000200-0002FF              100
        BIGRAM           00001E-0002FF              2E2
        CODE             000004-0002FF              2FC
                         0005CC-003FFF             3A34
        COMRAM           00001E-00005F               42
        CONST            000004-0002FF              2FC
                         0005CC-003FFF             3A34
        EEDATA           F00000-F000FF              100
        MEDIUMCONST      0005CC-003FFF             3A34
        RAM              000060-0002FF              100
        SFR              000F53-000FFF                D
        SMALLCONST       0005CC-003FFF              100
        STACK            000060-0002FF              2A0

                                  Symbol Table

Delay10KTCYx@unit        cstackCOMRAM 000002
_ANSEL                   (abs)        000F7E
_ANSELH                  (abs)        000F7F
_Delay10KTCYx            text3        0005AC
_OSCCON                  (abs)        000FD3
_PORTA                   (abs)        000F80
_PORTB                   (abs)        000F81
_PORTC                   (abs)        000F82
_TRISA                   (abs)        000F92
_TRISB                   (abs)        000F93
_TRISC                   (abs)        000F94
__CFG_FOSC$IRC           (abs)        000000
__CFG_LVP$OFF            (abs)        000000
__CFG_MCLRE$OFF          (abs)        000000
__CFG_WDTEN$OFF          (abs)        000000
__HRAM                   (abs)        000000
__Habs1                  abs1         000000
__Hbank0                 bank0        000000
__Hbank1                 bank1        000000
__Hbank2                 bank2        000000
__Hbigbss                bigbss       000000
__Hbigdata               bigdata      000000
__Hbigram                bigram       000000
__Hbss                   bss          000000
__HbssCOMRAM             bssCOMRAM    000000
__Hcinit                 cinit        000000
__Hclrtext               clrtext      000000
__Hcomram                comram       000000
__Hconfig                config       30000E
__Hconst                 const        000000
__HcstackCOMRAM          cstackCOMRAM 000000
__Hdata                  data         000000
__HdataCOMRAM            dataCOMRAM   000000
__Heeprom_data           eeprom_data  000000
__Hend_init              end_init     000004
__Hfarbss                farbss       000000
__Hfardata               fardata      000000
__Hibigdata              ibigdata     000000
__Hidata                 idata        000000
__HidataCOMRAM           idataCOMRAM  000000
__Hidloc                 idloc        200008
__Hifardata              ifardata     000000
__Hinit                  init         000000
__Hintcode               intcode      000000
__Hintcode_body          intcode_body 000000
__Hintcodelo             intcodelo    000000
__Hintentry              intentry     000000
__Hintret                intret       000000
__Hintsave_regs          intsave_regs 000000
__Hirdata                irdata       000000
__Hmediumconst           mediumconst  000000
__HnvFARRAM              nvFARRAM     000000
__Hnvbit                 nvbit        000000
__Hnvrram                nvrram       000000
__Hparam                 rparam       000000
__Hpowerup               powerup      000000
__Hram                   ram          000000
__Hramtop                ramtop       000300
__Hrbit                  rbit         000000
__Hrbss                  rbss         000000
__Hrdata                 rdata        000000
__Hreset_vec             reset_vec    000000
__Hrparam                rparam       000000
__Hsfr                   sfr          000000
__Hsmallconst            smallconst   00030C
__Hspace_0               (abs)        30000E
__Hspace_1               (abs)        00001E
__Hspace_2               (abs)        000000
__Hstack                 stack        000000
__Hstruct                struct       000000
__Htemp                  temp         000000
__Htext                  text         000000
__Htext0                 text0        000000
__Htext1                 text1        000000
__Htext2                 text2        000000
__Htext3                 text3        000000
__LRAM                   (abs)        000001
__Labs1                  abs1         000000
__Lbank0                 bank0        000000
__Lbank1                 bank1        000000
__Lbank2                 bank2        000000
__Lbigbss                bigbss       000000
__Lbigdata               bigdata      000000
__Lbigram                bigram       000000
__Lbss                   bss          000000
__LbssCOMRAM             bssCOMRAM    000000
__Lcinit                 cinit        000000
__Lclrtext               clrtext      000000
__Lcomram                comram       000000
__Lconfig                config       300000
__Lconst                 const        000000
__LcstackCOMRAM          cstackCOMRAM 000000
__Ldata                  data         000000
__LdataCOMRAM            dataCOMRAM   000000
__Leeprom_data           eeprom_data  000000
__Lend_init              end_init     000000
__Lfarbss                farbss       000000
__Lfardata               fardata      000000
__Libigdata              ibigdata     000000
__Lidata                 idata        000000
__LidataCOMRAM           idataCOMRAM  000000
__Lidloc                 idloc        200000
__Lifardata              ifardata     000000
__Linit                  init         000000
__Lintcode               intcode      000000
__Lintcode_body          intcode_body 000000
__Lintcodelo             intcodelo    000000
__Lintentry              intentry     000000
__Lintret                intret       000000
__Lintsave_regs          intsave_regs 000000
__Lirdata                irdata       000000
__Lmediumconst           mediumconst  000000
__LnvFARRAM              nvFARRAM     000000
__Lnvbit                 nvbit        000000
__Lnvrram                nvrram       000000
__Lparam                 rparam       000000
__Lpowerup               powerup      000000
__Lram                   ram          000000
__Lramtop                ramtop       000300
__Lrbit                  rbit         000000
__Lrbss                  rbss         000000
__Lrdata                 rdata        000000
__Lreset_vec             reset_vec    000000
__Lrparam                rparam       000000
__Lsfr                   sfr          000000
__Lsmallconst            smallconst   000300
__Lspace_0               (abs)        000000
__Lspace_1               (abs)        000000
__Lspace_2               (abs)        000000
__Lstack                 stack        000000
__Lstruct                struct       000000
__Ltemp                  temp         000000
__Ltext                  text         000000
__Ltext0                 text0        000000
__Ltext1                 text1        000000
__Ltext2                 text2        000000
__Ltext3                 text3        000000
__S0                     (abs)        30000E
__S1                     (abs)        00001E
__S2                     (abs)        000000
___inthi_sp              stack        000000
___intlo_sp              stack        000000
___param_bank            (abs)        000010
___rparam_used           (abs)        000001
___sp                    stack        000000
__accesstop              (abs)        000060
__activetblptr           (abs)        000001
__end_of_Delay10KTCYx    text3        0005C4
__end_of__initialization cinit        00059E
__end_of_cathodes        smallconst   00030B
__end_of_main            text0        000572
__end_of_ports           smallconst   000307
__end_of_segment_off     text2        00052A
__end_of_segment_on      text1        0004B6
__initialization         cinit        000572
__mediumconst            mediumconst  000000
__pbssCOMRAM             bssCOMRAM    000018
__pcinit                 cinit        000572
__pcstackCOMRAM          cstackCOMRAM 000001
__pdataCOMRAM            dataCOMRAM   000010
__pidataCOMRAM           idataCOMRAM  0005C4
__psmallconst            smallconst   000300
__ptext0                 text0        00052A
__ptext1                 text1        00030C
__ptext2                 text2        0004B6
__ptext3                 text3        0005AC
__ramtop                 ramtop       000300
__size_of_Delay10KTCYx   (abs)        000000
__size_of_main           (abs)        000000
__size_of_segment_off    (abs)        000000
__size_of_segment_on     (abs)        000000
__smallconst             smallconst   000300
_cathodes                smallconst   000307
_main                    text0        00052A
_port_font_map           dataCOMRAM   000010
_ports                   smallconst   000301
_segment_off             text2        0004B6
_segment_on              text1        00030C
end_of_initialization    cinit        00059E
intlevel0                text         000000
intlevel1                text         000000
intlevel2                text         000000
intlevel3                text         000000
segment_off@place        cstackCOMRAM 000007
segment_on@F4569         bssCOMRAM    000018
segment_on@F4571         bssCOMRAM    00001B
segment_on@b             cstackCOMRAM 00000E
segment_on@bits          cstackCOMRAM 000001
segment_on@i             cstackCOMRAM 00000F
segment_on@place         cstackCOMRAM 00000D
segment_on@port_hi       cstackCOMRAM 000007
segment_on@port_lo       cstackCOMRAM 00000A
stackhi                  (abs)        0002FF
stacklo                  (abs)        000060
start                    init         000000
start_initialization     cinit        000572


FUNCTION INFORMATION:

 *************** function _main *****************
 Defined at:
		line 69 in file "main.c"
 Parameters:    Size  Location     Type
		None
 Auto vars:     Size  Location     Type
		None
 Return value:  Size  Location     Type
		None               void
 Registers used:
		wreg, fsr2l, fsr2h, status,2, status,0, tblptrl, tblptrh, tblptru, prodl, prodh, cstack
 Tracked objects:
		On entry : 
		On exit  : 
		Unchanged: 
 Data sizes:     COMRAM   BANK0   BANK1   BANK2
      Params:         0       0       0       0
      Locals:         0       0       0       0
      Temps:          0       0       0       0
      Totals:         0       0       0       0
Total ram usage:        0 bytes
 Hardware stack levels required when called:    1
 This function calls:
		_Delay10KTCYx
		_segment_off
		_segment_on
 This function is called by:
		Startup code after reset
 This function uses a non-reentrant model


 *************** function _segment_on *****************
 Defined at:
		line 45 in file "main.c"
 Parameters:    Size  Location     Type
  place           1    wreg     unsigned char 
  bits            1    0[COMRAM] unsigned char 
 Auto vars:     Size  Location     Type
  place           1   12[COMRAM] unsigned char 
  port_lo         3    9[COMRAM] unsigned char [3]
  port_hi         3    6[COMRAM] unsigned char [3]
  i               1   14[COMRAM] unsigned char 
  b               1   13[COMRAM] unsigned char 
 Return value:  Size  Location     Type
		None               void
 Registers used:
		wreg, fsr2l, fsr2h, status,2, status,0, tblptrl, tblptrh, tblptru, prodl, prodh
 Tracked objects:
		On entry : 
		On exit  : 
		Unchanged: 
 Data sizes:     COMRAM   BANK0   BANK1   BANK2
      Params:         1       0       0       0
      Locals:         9       0       0       0
      Temps:          5       0       0       0
      Totals:        15       0       0       0
Total ram usage:       15 bytes
 Hardware stack levels used:    1
 This function calls:
		Nothing
 This function is called by:
		_main
 This function uses a non-reentrant model


 *************** function _segment_off *****************
 Defined at:
		line 41 in file "main.c"
 Parameters:    Size  Location     Type
  place           1    wreg     unsigned char 
 Auto vars:     Size  Location     Type
  place           1    6[COMRAM] unsigned char 
 Return value:  Size  Location     Type
		None               void
 Registers used:
		wreg, fsr2l, fsr2h, status,2, status,0, tblptrl, tblptrh, tblptru, prodl, prodh
 Tracked objects:
		On entry : 
		On exit  : 
		Unchanged: 
 Data sizes:     COMRAM   BANK0   BANK1   BANK2
      Params:         0       0       0       0
      Locals:         1       0       0       0
      Temps:          6       0       0       0
      Totals:         7       0       0       0
Total ram usage:        7 bytes
 Hardware stack levels used:    1
 This function calls:
		Nothing
 This function is called by:
		_main
 This function uses a non-reentrant model


 *************** function _Delay10KTCYx *****************
 Defined at:
		line 8 in file "/Applications/microchip/xc8/v1.34/sources/pic18/d10ktcyx.c"
 Parameters:    Size  Location     Type
  unit            1    wreg     unsigned char 
 Auto vars:     Size  Location     Type
  unit            1    1[COMRAM] unsigned char 
 Return value:  Size  Location     Type
		None               void
 Registers used:
		wreg
 Tracked objects:
		On entry : 
		On exit  : 
		Unchanged: 
 Data sizes:     COMRAM   BANK0   BANK1   BANK2
      Params:         0       0       0       0
      Locals:         1       0       0       0
      Temps:          1       0       0       0
      Totals:         2       0       0       0
Total ram usage:        2 bytes
 Hardware stack levels used:    1
 This function calls:
		Nothing
 This function is called by:
		_main
 This function uses a non-reentrant model



MODULE INFORMATION

Module		Function		Class		Link	Load	Size
/Applications/microchip/xc8/v1.34/sources/pic18/d10ktcyx.c
		_Delay10KTCYx  		CODE           	05AC	0000	25

/Applications/microchip/xc8/v1.34/sources/pic18/d10ktcyx.c estimated size: 25

shared
		_cathodes      		SMALLCONST     	0307	0000	5
		_ports         		SMALLCONST     	0301	0000	7
		__initializatio		CODE           	0572	0000	45

shared estimated size: 57

main.c
		_main          		CODE           	052A	0000	73
		_segment_on    		CODE           	030C	0000	427
		_segment_off   		CODE           	04B6	0000	117

main.c estimated size: 617

